// Jest Snapshot v1, https://goo.gl/fbAQLP

exports[`renders properly 1`] = `
<div>
  <nav
    class="navbar navbar-light bg-light"
  >
    <span
      class="navbar-brand mr-auto my-0 h1"
    >
      Notepal
    </span>
    <button
      class="btn btn-primary"
    >
      New Note
    </button>
  </nav>
</div>
`;
