// Jest Snapshot v1, https://goo.gl/fbAQLP

exports[`render properly 1`] = `
<div>
  <div
    class="card w-100 mt-4"
  >
    <div
      class="card-body"
    >
      <h5
        class="card-title"
      >
        Test Note
      </h5>
      <p
        class="card-text"
        style="white-space: pre-wrap;"
      >
        Test Content
      </p>
    </div>
  </div>
</div>
`;
